source_code: |-
  {

    print "What is your name?\n";

    print "Hello, ";

    a = '0';
    d = '\0';

    read a;

    while (a != d){
        print a;
        read a;
    }

  }

stdin: |-
  Stepan

stdout: |-
  =========================
  What is your name?
  Hello, Stepan
  Instructions: 220

out_code_readable: |-
  00 | 0000000000100000111000000000001000010000         | MOV R02, .10
  04 | 0000010000000100111100000000001100000010         | LD R03, R02
  08 | 0000100000010000111000000000001100000000         | CMP R03, .00
  0c | 00001100000100101000000000011000                 | JE .18
  0f | 00001111001000111000000000000001                 | OUT .01
  12 | 00010010000000101100000000000010                 | INC R02
  15 | 00010101000100011000000000000100                 | JMP .04
  18 | 0001100000100000111000000000001000100100         | MOV R02, .24
  1c | 0001110000000100111100000000001100000010         | LD R03, R02
  20 | 0010000000010000111000000000001100000000         | CMP R03, .00
  24 | 00100100000100101000000000110000                 | JE .30
  27 | 00100111001000111000000000000001                 | OUT .01
  2a | 00101010000000101100000000000010                 | INC R02
  2d | 00101101000100011000000000011100                 | JMP .1c
  30 | 0011000000100000010100000000000000000100         | MOV $00, $04
  34 | 0011010000100000010100000000100000001100         | MOV $08, $0c
  38 | 00111000001000101000000000000000                 | IN .00
  3b | 0011101100100000111000000000001000000000         | MOV R02, .00
  3f | 0011111100000101111100000000001000000011         | ST R02, R03
  43 | 0100001100010000010100000000000000001000         | CMP $00, $08
  47 | 01000111000100111000000001001101                 | JNE .4d
  4a | 01001010000100011000000001100010                 | JMP .62
  4d | 0100110100100000110100000000001100000000         | MOV R03, $00
  51 | 01010001001000111000000000000001                 | OUT .01
  54 | 01010100001000101000000000000000                 | IN .00
  57 | 0101011100100000111000000000001000000000         | MOV R02, .00
  5b | 0101101100000101111100000000001000000011         | ST R02, R03
  5f | 01011111000100011000000001000011                 | JMP .43
  62 | 0110001000000001                                 | HLT

out_log: |-
  DEBUG    root:machine.py:50 1) LD R03, R02 - AC: 10 | BR: 00 | DP: 00 | DR: 00 | INL: 00 | INR: 00 | IOR: 00 | OUT: 00 | R0: 10 | N: 0, Z: 0, V: 0, C: 0
  DEBUG    root:machine.py:50 2) CMP R03, .00 - AC: 10 | BR: 00 | DP: 10 | DR: 57 | INL: 00 | INR: 00 | IOR: 57 | OUT: 00 | R0: 10 | N: 0, Z: 0, V: 0, C: 0
  DEBUG    root:machine.py:50 3) JE .18 - AC: 00 | BR: 00 | DP: 10 | DR: 57 | INL: 57 | INR: 00 | IOR: 57 | OUT: 57 | R0: 10 | N: 0, Z: 0, V: 0, C: 0
  DEBUG    root:machine.py:50 4) OUT .01 - AC: 00 | BR: 00 | DP: 10 | DR: 57 | INL: 57 | INR: 00 | IOR: 57 | OUT: 57 | R0: 10 | N: 0, Z: 0, V: 0, C: 0
  DEBUG    root:machine.py:50 5) INC R02 - AC: 00 | BR: 00 | DP: 10 | DR: 57 | INL: 57 | INR: 00 | IOR: 57 | OUT: 57 | R0: 10 | N: 0, Z: 0, V: 0, C: 0
  DEBUG    root:machine.py:50 6) JMP .04 - AC: 00 | BR: 00 | DP: 10 | DR: 57 | INL: 10 | INR: 00 | IOR: 57 | OUT: 11 | R0: 11 | N: 0, Z: 0, V: 0, C: 0
  DEBUG    root:machine.py:50 7) LD R03, R02 - AC: 00 | BR: 00 | DP: 10 | DR: 57 | INL: 10 | INR: 00 | IOR: 57 | OUT: 11 | R0: 11 | N: 0, Z: 0, V: 0, C: 0
  DEBUG    root:machine.py:50 8) CMP R03, .00 - AC: 00 | BR: 00 | DP: 11 | DR: 68 | INL: 10 | INR: 00 | IOR: 68 | OUT: 11 | R0: 11 | N: 0, Z: 0, V: 0, C: 0
  DEBUG    root:machine.py:50 9) JE .18 - AC: 00 | BR: 00 | DP: 11 | DR: 68 | INL: 68 | INR: 00 | IOR: 68 | OUT: 68 | R0: 11 | N: 0, Z: 0, V: 0, C: 0
  DEBUG    root:machine.py:50 10) OUT .01 - AC: 00 | BR: 00 | DP: 11 | DR: 68 | INL: 68 | INR: 00 | IOR: 68 | OUT: 68 | R0: 11 | N: 0, Z: 0, V: 0, C: 0
  DEBUG    root:machine.py:50 11) INC R02 - AC: 00 | BR: 00 | DP: 11 | DR: 68 | INL: 68 | INR: 00 | IOR: 68 | OUT: 68 | R0: 11 | N: 0, Z: 0, V: 0, C: 0
  DEBUG    root:machine.py:50 12) JMP .04 - AC: 00 | BR: 00 | DP: 11 | DR: 68 | INL: 11 | INR: 00 | IOR: 68 | OUT: 12 | R0: 12 | N: 0, Z: 0, V: 0, C: 0
  DEBUG    root:machine.py:50 13) LD R03, R02 - AC: 00 | BR: 00 | DP: 11 | DR: 68 | INL: 11 | INR: 00 | IOR: 68 | OUT: 12 | R0: 12 | N: 0, Z: 0, V: 0, C: 0
  DEBUG    root:machine.py:50 14) CMP R03, .00 - AC: 00 | BR: 00 | DP: 12 | DR: 61 | INL: 11 | INR: 00 | IOR: 61 | OUT: 12 | R0: 12 | N: 0, Z: 0, V: 0, C: 0
  DEBUG    root:machine.py:50 15) JE .18 - AC: 00 | BR: 00 | DP: 12 | DR: 61 | INL: 61 | INR: 00 | IOR: 61 | OUT: 61 | R0: 12 | N: 0, Z: 0, V: 0, C: 0
  DEBUG    root:machine.py:50 16) OUT .01 - AC: 00 | BR: 00 | DP: 12 | DR: 61 | INL: 61 | INR: 00 | IOR: 61 | OUT: 61 | R0: 12 | N: 0, Z: 0, V: 0, C: 0
  DEBUG    root:machine.py:50 17) INC R02 - AC: 00 | BR: 00 | DP: 12 | DR: 61 | INL: 61 | INR: 00 | IOR: 61 | OUT: 61 | R0: 12 | N: 0, Z: 0, V: 0, C: 0
  DEBUG    root:machine.py:50 18) JMP .04 - AC: 00 | BR: 00 | DP: 12 | DR: 61 | INL: 12 | INR: 00 | IOR: 61 | OUT: 13 | R0: 13 | N: 0, Z: 0, V: 0, C: 0
  DEBUG    root:machine.py:50 19) LD R03, R02 - AC: 00 | BR: 00 | DP: 12 | DR: 61 | INL: 12 | INR: 00 | IOR: 61 | OUT: 13 | R0: 13 | N: 0, Z: 0, V: 0, C: 0
  DEBUG    root:machine.py:50 20) CMP R03, .00 - AC: 00 | BR: 00 | DP: 13 | DR: 74 | INL: 12 | INR: 00 | IOR: 74 | OUT: 13 | R0: 13 | N: 0, Z: 0, V: 0, C: 0
  DEBUG    root:machine.py:50 21) JE .18 - AC: 00 | BR: 00 | DP: 13 | DR: 74 | INL: 74 | INR: 00 | IOR: 74 | OUT: 74 | R0: 13 | N: 0, Z: 0, V: 0, C: 0
  DEBUG    root:machine.py:50 22) OUT .01 - AC: 00 | BR: 00 | DP: 13 | DR: 74 | INL: 74 | INR: 00 | IOR: 74 | OUT: 74 | R0: 13 | N: 0, Z: 0, V: 0, C: 0
  DEBUG    root:machine.py:50 23) INC R02 - AC: 00 | BR: 00 | DP: 13 | DR: 74 | INL: 74 | INR: 00 | IOR: 74 | OUT: 74 | R0: 13 | N: 0, Z: 0, V: 0, C: 0
  DEBUG    root:machine.py:50 24) JMP .04 - AC: 00 | BR: 00 | DP: 13 | DR: 74 | INL: 13 | INR: 00 | IOR: 74 | OUT: 14 | R0: 14 | N: 0, Z: 0, V: 0, C: 0
  DEBUG    root:machine.py:50 25) LD R03, R02 - AC: 00 | BR: 00 | DP: 13 | DR: 74 | INL: 13 | INR: 00 | IOR: 74 | OUT: 14 | R0: 14 | N: 0, Z: 0, V: 0, C: 0
  DEBUG    root:machine.py:50 26) CMP R03, .00 - AC: 00 | BR: 00 | DP: 14 | DR: 20 | INL: 13 | INR: 00 | IOR: 20 | OUT: 14 | R0: 14 | N: 0, Z: 0, V: 0, C: 0
  DEBUG    root:machine.py:50 27) JE .18 - AC: 00 | BR: 00 | DP: 14 | DR: 20 | INL: 20 | INR: 00 | IOR: 20 | OUT: 20 | R0: 14 | N: 0, Z: 0, V: 0, C: 0
  DEBUG    root:machine.py:50 28) OUT .01 - AC: 00 | BR: 00 | DP: 14 | DR: 20 | INL: 20 | INR: 00 | IOR: 20 | OUT: 20 | R0: 14 | N: 0, Z: 0, V: 0, C: 0
  DEBUG    root:machine.py:50 29) INC R02 - AC: 00 | BR: 00 | DP: 14 | DR: 20 | INL: 20 | INR: 00 | IOR: 20 | OUT: 20 | R0: 14 | N: 0, Z: 0, V: 0, C: 0
  DEBUG    root:machine.py:50 30) JMP .04 - AC: 00 | BR: 00 | DP: 14 | DR: 20 | INL: 14 | INR: 00 | IOR: 20 | OUT: 15 | R0: 15 | N: 0, Z: 0, V: 0, C: 0
  DEBUG    root:machine.py:50 31) LD R03, R02 - AC: 00 | BR: 00 | DP: 14 | DR: 20 | INL: 14 | INR: 00 | IOR: 20 | OUT: 15 | R0: 15 | N: 0, Z: 0, V: 0, C: 0
  DEBUG    root:machine.py:50 32) CMP R03, .00 - AC: 00 | BR: 00 | DP: 15 | DR: 69 | INL: 14 | INR: 00 | IOR: 69 | OUT: 15 | R0: 15 | N: 0, Z: 0, V: 0, C: 0
  DEBUG    root:machine.py:50 33) JE .18 - AC: 00 | BR: 00 | DP: 15 | DR: 69 | INL: 69 | INR: 00 | IOR: 69 | OUT: 69 | R0: 15 | N: 0, Z: 0, V: 0, C: 0
  DEBUG    root:machine.py:50 34) OUT .01 - AC: 00 | BR: 00 | DP: 15 | DR: 69 | INL: 69 | INR: 00 | IOR: 69 | OUT: 69 | R0: 15 | N: 0, Z: 0, V: 0, C: 0
  DEBUG    root:machine.py:50 35) INC R02 - AC: 00 | BR: 00 | DP: 15 | DR: 69 | INL: 69 | INR: 00 | IOR: 69 | OUT: 69 | R0: 15 | N: 0, Z: 0, V: 0, C: 0
  DEBUG    root:machine.py:50 36) JMP .04 - AC: 00 | BR: 00 | DP: 15 | DR: 69 | INL: 15 | INR: 00 | IOR: 69 | OUT: 16 | R0: 16 | N: 0, Z: 0, V: 0, C: 0
  DEBUG    root:machine.py:50 37) LD R03, R02 - AC: 00 | BR: 00 | DP: 15 | DR: 69 | INL: 15 | INR: 00 | IOR: 69 | OUT: 16 | R0: 16 | N: 0, Z: 0, V: 0, C: 0
  DEBUG    root:machine.py:50 38) CMP R03, .00 - AC: 00 | BR: 00 | DP: 16 | DR: 73 | INL: 15 | INR: 00 | IOR: 73 | OUT: 16 | R0: 16 | N: 0, Z: 0, V: 0, C: 0
  DEBUG    root:machine.py:50 39) JE .18 - AC: 00 | BR: 00 | DP: 16 | DR: 73 | INL: 73 | INR: 00 | IOR: 73 | OUT: 73 | R0: 16 | N: 0, Z: 0, V: 0, C: 0
  DEBUG    root:machine.py:50 40) OUT .01 - AC: 00 | BR: 00 | DP: 16 | DR: 73 | INL: 73 | INR: 00 | IOR: 73 | OUT: 73 | R0: 16 | N: 0, Z: 0, V: 0, C: 0
  DEBUG    root:machine.py:50 41) INC R02 - AC: 00 | BR: 00 | DP: 16 | DR: 73 | INL: 73 | INR: 00 | IOR: 73 | OUT: 73 | R0: 16 | N: 0, Z: 0, V: 0, C: 0
  DEBUG    root:machine.py:50 42) JMP .04 - AC: 00 | BR: 00 | DP: 16 | DR: 73 | INL: 16 | INR: 00 | IOR: 73 | OUT: 17 | R0: 17 | N: 0, Z: 0, V: 0, C: 0
  DEBUG    root:machine.py:50 43) LD R03, R02 - AC: 00 | BR: 00 | DP: 16 | DR: 73 | INL: 16 | INR: 00 | IOR: 73 | OUT: 17 | R0: 17 | N: 0, Z: 0, V: 0, C: 0
  DEBUG    root:machine.py:50 44) CMP R03, .00 - AC: 00 | BR: 00 | DP: 17 | DR: 20 | INL: 16 | INR: 00 | IOR: 20 | OUT: 17 | R0: 17 | N: 0, Z: 0, V: 0, C: 0
  DEBUG    root:machine.py:50 45) JE .18 - AC: 00 | BR: 00 | DP: 17 | DR: 20 | INL: 20 | INR: 00 | IOR: 20 | OUT: 20 | R0: 17 | N: 0, Z: 0, V: 0, C: 0
  DEBUG    root:machine.py:50 46) OUT .01 - AC: 00 | BR: 00 | DP: 17 | DR: 20 | INL: 20 | INR: 00 | IOR: 20 | OUT: 20 | R0: 17 | N: 0, Z: 0, V: 0, C: 0
  DEBUG    root:machine.py:50 47) INC R02 - AC: 00 | BR: 00 | DP: 17 | DR: 20 | INL: 20 | INR: 00 | IOR: 20 | OUT: 20 | R0: 17 | N: 0, Z: 0, V: 0, C: 0
  DEBUG    root:machine.py:50 48) JMP .04 - AC: 00 | BR: 00 | DP: 17 | DR: 20 | INL: 17 | INR: 00 | IOR: 20 | OUT: 18 | R0: 18 | N: 0, Z: 0, V: 0, C: 0
  DEBUG    root:machine.py:50 49) LD R03, R02 - AC: 00 | BR: 00 | DP: 17 | DR: 20 | INL: 17 | INR: 00 | IOR: 20 | OUT: 18 | R0: 18 | N: 0, Z: 0, V: 0, C: 0
  DEBUG    root:machine.py:50 50) CMP R03, .00 - AC: 00 | BR: 00 | DP: 18 | DR: 79 | INL: 17 | INR: 00 | IOR: 79 | OUT: 18 | R0: 18 | N: 0, Z: 0, V: 0, C: 0
  DEBUG    root:machine.py:50 51) JE .18 - AC: 00 | BR: 00 | DP: 18 | DR: 79 | INL: 79 | INR: 00 | IOR: 79 | OUT: 79 | R0: 18 | N: 0, Z: 0, V: 0, C: 0
  DEBUG    root:machine.py:50 52) OUT .01 - AC: 00 | BR: 00 | DP: 18 | DR: 79 | INL: 79 | INR: 00 | IOR: 79 | OUT: 79 | R0: 18 | N: 0, Z: 0, V: 0, C: 0
  DEBUG    root:machine.py:50 53) INC R02 - AC: 00 | BR: 00 | DP: 18 | DR: 79 | INL: 79 | INR: 00 | IOR: 79 | OUT: 79 | R0: 18 | N: 0, Z: 0, V: 0, C: 0
  DEBUG    root:machine.py:50 54) JMP .04 - AC: 00 | BR: 00 | DP: 18 | DR: 79 | INL: 18 | INR: 00 | IOR: 79 | OUT: 19 | R0: 19 | N: 0, Z: 0, V: 0, C: 0
  DEBUG    root:machine.py:50 55) LD R03, R02 - AC: 00 | BR: 00 | DP: 18 | DR: 79 | INL: 18 | INR: 00 | IOR: 79 | OUT: 19 | R0: 19 | N: 0, Z: 0, V: 0, C: 0
  DEBUG    root:machine.py:50 56) CMP R03, .00 - AC: 00 | BR: 00 | DP: 19 | DR: 6F | INL: 18 | INR: 00 | IOR: 6F | OUT: 19 | R0: 19 | N: 0, Z: 0, V: 0, C: 0
  DEBUG    root:machine.py:50 57) JE .18 - AC: 00 | BR: 00 | DP: 19 | DR: 6F | INL: 6F | INR: 00 | IOR: 6F | OUT: 6F | R0: 19 | N: 0, Z: 0, V: 0, C: 0
  DEBUG    root:machine.py:50 58) OUT .01 - AC: 00 | BR: 00 | DP: 19 | DR: 6F | INL: 6F | INR: 00 | IOR: 6F | OUT: 6F | R0: 19 | N: 0, Z: 0, V: 0, C: 0
  DEBUG    root:machine.py:50 59) INC R02 - AC: 00 | BR: 00 | DP: 19 | DR: 6F | INL: 6F | INR: 00 | IOR: 6F | OUT: 6F | R0: 19 | N: 0, Z: 0, V: 0, C: 0
  DEBUG    root:machine.py:50 60) JMP .04 - AC: 00 | BR: 00 | DP: 19 | DR: 6F | INL: 19 | INR: 00 | IOR: 6F | OUT: 1A | R0: 1A | N: 0, Z: 0, V: 0, C: 0
  DEBUG    root:machine.py:50 61) LD R03, R02 - AC: 00 | BR: 00 | DP: 19 | DR: 6F | INL: 19 | INR: 00 | IOR: 6F | OUT: 1A | R0: 1A | N: 0, Z: 0, V: 0, C: 0
  DEBUG    root:machine.py:50 62) CMP R03, .00 - AC: 00 | BR: 00 | DP: 1A | DR: 75 | INL: 19 | INR: 00 | IOR: 75 | OUT: 1A | R0: 1A | N: 0, Z: 0, V: 0, C: 0
  DEBUG    root:machine.py:50 63) JE .18 - AC: 00 | BR: 00 | DP: 1A | DR: 75 | INL: 75 | INR: 00 | IOR: 75 | OUT: 75 | R0: 1A | N: 0, Z: 0, V: 0, C: 0
  DEBUG    root:machine.py:50 64) OUT .01 - AC: 00 | BR: 00 | DP: 1A | DR: 75 | INL: 75 | INR: 00 | IOR: 75 | OUT: 75 | R0: 1A | N: 0, Z: 0, V: 0, C: 0
  DEBUG    root:machine.py:50 65) INC R02 - AC: 00 | BR: 00 | DP: 1A | DR: 75 | INL: 75 | INR: 00 | IOR: 75 | OUT: 75 | R0: 1A | N: 0, Z: 0, V: 0, C: 0
  DEBUG    root:machine.py:50 66) JMP .04 - AC: 00 | BR: 00 | DP: 1A | DR: 75 | INL: 1A | INR: 00 | IOR: 75 | OUT: 1B | R0: 1B | N: 0, Z: 0, V: 0, C: 0
  DEBUG    root:machine.py:50 67) LD R03, R02 - AC: 00 | BR: 00 | DP: 1A | DR: 75 | INL: 1A | INR: 00 | IOR: 75 | OUT: 1B | R0: 1B | N: 0, Z: 0, V: 0, C: 0
  DEBUG    root:machine.py:50 68) CMP R03, .00 - AC: 00 | BR: 00 | DP: 1B | DR: 72 | INL: 1A | INR: 00 | IOR: 72 | OUT: 1B | R0: 1B | N: 0, Z: 0, V: 0, C: 0
  DEBUG    root:machine.py:50 69) JE .18 - AC: 00 | BR: 00 | DP: 1B | DR: 72 | INL: 72 | INR: 00 | IOR: 72 | OUT: 72 | R0: 1B | N: 0, Z: 0, V: 0, C: 0
  DEBUG    root:machine.py:50 70) OUT .01 - AC: 00 | BR: 00 | DP: 1B | DR: 72 | INL: 72 | INR: 00 | IOR: 72 | OUT: 72 | R0: 1B | N: 0, Z: 0, V: 0, C: 0
  DEBUG    root:machine.py:50 71) INC R02 - AC: 00 | BR: 00 | DP: 1B | DR: 72 | INL: 72 | INR: 00 | IOR: 72 | OUT: 72 | R0: 1B | N: 0, Z: 0, V: 0, C: 0
  DEBUG    root:machine.py:50 72) JMP .04 - AC: 00 | BR: 00 | DP: 1B | DR: 72 | INL: 1B | INR: 00 | IOR: 72 | OUT: 1C | R0: 1C | N: 0, Z: 0, V: 0, C: 0
  DEBUG    root:machine.py:50 73) LD R03, R02 - AC: 00 | BR: 00 | DP: 1B | DR: 72 | INL: 1B | INR: 00 | IOR: 72 | OUT: 1C | R0: 1C | N: 0, Z: 0, V: 0, C: 0
  DEBUG    root:machine.py:50 74) CMP R03, .00 - AC: 00 | BR: 00 | DP: 1C | DR: 20 | INL: 1B | INR: 00 | IOR: 20 | OUT: 1C | R0: 1C | N: 0, Z: 0, V: 0, C: 0
  DEBUG    root:machine.py:50 75) JE .18 - AC: 00 | BR: 00 | DP: 1C | DR: 20 | INL: 20 | INR: 00 | IOR: 20 | OUT: 20 | R0: 1C | N: 0, Z: 0, V: 0, C: 0
  DEBUG    root:machine.py:50 76) OUT .01 - AC: 00 | BR: 00 | DP: 1C | DR: 20 | INL: 20 | INR: 00 | IOR: 20 | OUT: 20 | R0: 1C | N: 0, Z: 0, V: 0, C: 0
  DEBUG    root:machine.py:50 77) INC R02 - AC: 00 | BR: 00 | DP: 1C | DR: 20 | INL: 20 | INR: 00 | IOR: 20 | OUT: 20 | R0: 1C | N: 0, Z: 0, V: 0, C: 0
  DEBUG    root:machine.py:50 78) JMP .04 - AC: 00 | BR: 00 | DP: 1C | DR: 20 | INL: 1C | INR: 00 | IOR: 20 | OUT: 1D | R0: 1D | N: 0, Z: 0, V: 0, C: 0
  DEBUG    root:machine.py:50 79) LD R03, R02 - AC: 00 | BR: 00 | DP: 1C | DR: 20 | INL: 1C | INR: 00 | IOR: 20 | OUT: 1D | R0: 1D | N: 0, Z: 0, V: 0, C: 0
  DEBUG    root:machine.py:50 80) CMP R03, .00 - AC: 00 | BR: 00 | DP: 1D | DR: 6E | INL: 1C | INR: 00 | IOR: 6E | OUT: 1D | R0: 1D | N: 0, Z: 0, V: 0, C: 0
  DEBUG    root:machine.py:50 81) JE .18 - AC: 00 | BR: 00 | DP: 1D | DR: 6E | INL: 6E | INR: 00 | IOR: 6E | OUT: 6E | R0: 1D | N: 0, Z: 0, V: 0, C: 0
  DEBUG    root:machine.py:50 82) OUT .01 - AC: 00 | BR: 00 | DP: 1D | DR: 6E | INL: 6E | INR: 00 | IOR: 6E | OUT: 6E | R0: 1D | N: 0, Z: 0, V: 0, C: 0
  DEBUG    root:machine.py:50 83) INC R02 - AC: 00 | BR: 00 | DP: 1D | DR: 6E | INL: 6E | INR: 00 | IOR: 6E | OUT: 6E | R0: 1D | N: 0, Z: 0, V: 0, C: 0
  DEBUG    root:machine.py:50 84) JMP .04 - AC: 00 | BR: 00 | DP: 1D | DR: 6E | INL: 1D | INR: 00 | IOR: 6E | OUT: 1E | R0: 1E | N: 0, Z: 0, V: 0, C: 0
  DEBUG    root:machine.py:50 85) LD R03, R02 - AC: 00 | BR: 00 | DP: 1D | DR: 6E | INL: 1D | INR: 00 | IOR: 6E | OUT: 1E | R0: 1E | N: 0, Z: 0, V: 0, C: 0
  DEBUG    root:machine.py:50 86) CMP R03, .00 - AC: 00 | BR: 00 | DP: 1E | DR: 61 | INL: 1D | INR: 00 | IOR: 61 | OUT: 1E | R0: 1E | N: 0, Z: 0, V: 0, C: 0
  DEBUG    root:machine.py:50 87) JE .18 - AC: 00 | BR: 00 | DP: 1E | DR: 61 | INL: 61 | INR: 00 | IOR: 61 | OUT: 61 | R0: 1E | N: 0, Z: 0, V: 0, C: 0
  DEBUG    root:machine.py:50 88) OUT .01 - AC: 00 | BR: 00 | DP: 1E | DR: 61 | INL: 61 | INR: 00 | IOR: 61 | OUT: 61 | R0: 1E | N: 0, Z: 0, V: 0, C: 0
  DEBUG    root:machine.py:50 89) INC R02 - AC: 00 | BR: 00 | DP: 1E | DR: 61 | INL: 61 | INR: 00 | IOR: 61 | OUT: 61 | R0: 1E | N: 0, Z: 0, V: 0, C: 0
  DEBUG    root:machine.py:50 90) JMP .04 - AC: 00 | BR: 00 | DP: 1E | DR: 61 | INL: 1E | INR: 00 | IOR: 61 | OUT: 1F | R0: 1F | N: 0, Z: 0, V: 0, C: 0
  DEBUG    root:machine.py:50 91) LD R03, R02 - AC: 00 | BR: 00 | DP: 1E | DR: 61 | INL: 1E | INR: 00 | IOR: 61 | OUT: 1F | R0: 1F | N: 0, Z: 0, V: 0, C: 0
  DEBUG    root:machine.py:50 92) CMP R03, .00 - AC: 00 | BR: 00 | DP: 1F | DR: 6D | INL: 1E | INR: 00 | IOR: 6D | OUT: 1F | R0: 1F | N: 0, Z: 0, V: 0, C: 0
  DEBUG    root:machine.py:50 93) JE .18 - AC: 00 | BR: 00 | DP: 1F | DR: 6D | INL: 6D | INR: 00 | IOR: 6D | OUT: 6D | R0: 1F | N: 0, Z: 0, V: 0, C: 0
  DEBUG    root:machine.py:50 94) OUT .01 - AC: 00 | BR: 00 | DP: 1F | DR: 6D | INL: 6D | INR: 00 | IOR: 6D | OUT: 6D | R0: 1F | N: 0, Z: 0, V: 0, C: 0
  DEBUG    root:machine.py:50 95) INC R02 - AC: 00 | BR: 00 | DP: 1F | DR: 6D | INL: 6D | INR: 00 | IOR: 6D | OUT: 6D | R0: 1F | N: 0, Z: 0, V: 0, C: 0
  DEBUG    root:machine.py:50 96) JMP .04 - AC: 00 | BR: 00 | DP: 1F | DR: 6D | INL: 1F | INR: 00 | IOR: 6D | OUT: 20 | R0: 20 | N: 0, Z: 0, V: 0, C: 0
  DEBUG    root:machine.py:50 97) LD R03, R02 - AC: 00 | BR: 00 | DP: 1F | DR: 6D | INL: 1F | INR: 00 | IOR: 6D | OUT: 20 | R0: 20 | N: 0, Z: 0, V: 0, C: 0
  DEBUG    root:machine.py:50 98) CMP R03, .00 - AC: 00 | BR: 00 | DP: 20 | DR: 65 | INL: 1F | INR: 00 | IOR: 65 | OUT: 20 | R0: 20 | N: 0, Z: 0, V: 0, C: 0
  DEBUG    root:machine.py:50 99) JE .18 - AC: 00 | BR: 00 | DP: 20 | DR: 65 | INL: 65 | INR: 00 | IOR: 65 | OUT: 65 | R0: 20 | N: 0, Z: 0, V: 0, C: 0
  DEBUG    root:machine.py:50 100) OUT .01 - AC: 00 | BR: 00 | DP: 20 | DR: 65 | INL: 65 | INR: 00 | IOR: 65 | OUT: 65 | R0: 20 | N: 0, Z: 0, V: 0, C: 0
  DEBUG    root:machine.py:50 101) INC R02 - AC: 00 | BR: 00 | DP: 20 | DR: 65 | INL: 65 | INR: 00 | IOR: 65 | OUT: 65 | R0: 20 | N: 0, Z: 0, V: 0, C: 0
  DEBUG    root:machine.py:50 102) JMP .04 - AC: 00 | BR: 00 | DP: 20 | DR: 65 | INL: 20 | INR: 00 | IOR: 65 | OUT: 21 | R0: 21 | N: 0, Z: 0, V: 0, C: 0
  DEBUG    root:machine.py:50 103) LD R03, R02 - AC: 00 | BR: 00 | DP: 20 | DR: 65 | INL: 20 | INR: 00 | IOR: 65 | OUT: 21 | R0: 21 | N: 0, Z: 0, V: 0, C: 0
  DEBUG    root:machine.py:50 104) CMP R03, .00 - AC: 00 | BR: 00 | DP: 21 | DR: 3F | INL: 20 | INR: 00 | IOR: 3F | OUT: 21 | R0: 21 | N: 0, Z: 0, V: 0, C: 0
  DEBUG    root:machine.py:50 105) JE .18 - AC: 00 | BR: 00 | DP: 21 | DR: 3F | INL: 3F | INR: 00 | IOR: 3F | OUT: 3F | R0: 21 | N: 0, Z: 0, V: 0, C: 0
  DEBUG    root:machine.py:50 106) OUT .01 - AC: 00 | BR: 00 | DP: 21 | DR: 3F | INL: 3F | INR: 00 | IOR: 3F | OUT: 3F | R0: 21 | N: 0, Z: 0, V: 0, C: 0
  DEBUG    root:machine.py:50 107) INC R02 - AC: 00 | BR: 00 | DP: 21 | DR: 3F | INL: 3F | INR: 00 | IOR: 3F | OUT: 3F | R0: 21 | N: 0, Z: 0, V: 0, C: 0
  DEBUG    root:machine.py:50 108) JMP .04 - AC: 00 | BR: 00 | DP: 21 | DR: 3F | INL: 21 | INR: 00 | IOR: 3F | OUT: 22 | R0: 22 | N: 0, Z: 0, V: 0, C: 0
  DEBUG    root:machine.py:50 109) LD R03, R02 - AC: 00 | BR: 00 | DP: 21 | DR: 3F | INL: 21 | INR: 00 | IOR: 3F | OUT: 22 | R0: 22 | N: 0, Z: 0, V: 0, C: 0
  DEBUG    root:machine.py:50 110) CMP R03, .00 - AC: 00 | BR: 00 | DP: 22 | DR: 0A | INL: 21 | INR: 00 | IOR: 0A | OUT: 22 | R0: 22 | N: 0, Z: 0, V: 0, C: 0
  DEBUG    root:machine.py:50 111) JE .18 - AC: 00 | BR: 00 | DP: 22 | DR: 0A | INL: 0A | INR: 00 | IOR: 0A | OUT: 0A | R0: 22 | N: 0, Z: 0, V: 0, C: 0
  DEBUG    root:machine.py:50 112) OUT .01 - AC: 00 | BR: 00 | DP: 22 | DR: 0A | INL: 0A | INR: 00 | IOR: 0A | OUT: 0A | R0: 22 | N: 0, Z: 0, V: 0, C: 0
  DEBUG    root:machine.py:50 113) INC R02 - AC: 00 | BR: 00 | DP: 22 | DR: 0A | INL: 0A | INR: 00 | IOR: 0A | OUT: 0A | R0: 22 | N: 0, Z: 0, V: 0, C: 0
  DEBUG    root:machine.py:50 114) JMP .04 - AC: 00 | BR: 00 | DP: 22 | DR: 0A | INL: 22 | INR: 00 | IOR: 0A | OUT: 23 | R0: 23 | N: 0, Z: 0, V: 0, C: 0
  DEBUG    root:machine.py:50 115) LD R03, R02 - AC: 00 | BR: 00 | DP: 22 | DR: 0A | INL: 22 | INR: 00 | IOR: 0A | OUT: 23 | R0: 23 | N: 0, Z: 0, V: 0, C: 0
  DEBUG    root:machine.py:50 116) CMP R03, .00 - AC: 00 | BR: 00 | DP: 23 | DR: 00 | INL: 22 | INR: 00 | IOR: 00 | OUT: 23 | R0: 23 | N: 0, Z: 0, V: 0, C: 0
  DEBUG    root:machine.py:50 117) JE .18 - AC: 00 | BR: 00 | DP: 23 | DR: 00 | INL: 00 | INR: 00 | IOR: 00 | OUT: 00 | R0: 23 | N: 0, Z: 1, V: 0, C: 0
  DEBUG    root:machine.py:50 118) MOV R02, .24 - AC: 00 | BR: 00 | DP: 23 | DR: 00 | INL: 00 | INR: 00 | IOR: 00 | OUT: 00 | R0: 23 | N: 0, Z: 1, V: 0, C: 0
  DEBUG    root:machine.py:50 119) LD R03, R02 - AC: 24 | BR: 00 | DP: 23 | DR: 00 | INL: 00 | INR: 00 | IOR: 00 | OUT: 00 | R0: 24 | N: 0, Z: 1, V: 0, C: 0
  DEBUG    root:machine.py:50 120) CMP R03, .00 - AC: 24 | BR: 00 | DP: 24 | DR: 48 | INL: 00 | INR: 00 | IOR: 48 | OUT: 00 | R0: 24 | N: 0, Z: 1, V: 0, C: 0
  DEBUG    root:machine.py:50 121) JE .30 - AC: 00 | BR: 00 | DP: 24 | DR: 48 | INL: 48 | INR: 00 | IOR: 48 | OUT: 48 | R0: 24 | N: 0, Z: 0, V: 0, C: 0
  DEBUG    root:machine.py:50 122) OUT .01 - AC: 00 | BR: 00 | DP: 24 | DR: 48 | INL: 48 | INR: 00 | IOR: 48 | OUT: 48 | R0: 24 | N: 0, Z: 0, V: 0, C: 0
  DEBUG    root:machine.py:50 123) INC R02 - AC: 00 | BR: 00 | DP: 24 | DR: 48 | INL: 48 | INR: 00 | IOR: 48 | OUT: 48 | R0: 24 | N: 0, Z: 0, V: 0, C: 0
  DEBUG    root:machine.py:50 124) JMP .1c - AC: 00 | BR: 00 | DP: 24 | DR: 48 | INL: 24 | INR: 00 | IOR: 48 | OUT: 25 | R0: 25 | N: 0, Z: 0, V: 0, C: 0
  DEBUG    root:machine.py:50 125) LD R03, R02 - AC: 00 | BR: 00 | DP: 24 | DR: 48 | INL: 24 | INR: 00 | IOR: 48 | OUT: 25 | R0: 25 | N: 0, Z: 0, V: 0, C: 0
  DEBUG    root:machine.py:50 126) CMP R03, .00 - AC: 00 | BR: 00 | DP: 25 | DR: 65 | INL: 24 | INR: 00 | IOR: 65 | OUT: 25 | R0: 25 | N: 0, Z: 0, V: 0, C: 0
  DEBUG    root:machine.py:50 127) JE .30 - AC: 00 | BR: 00 | DP: 25 | DR: 65 | INL: 65 | INR: 00 | IOR: 65 | OUT: 65 | R0: 25 | N: 0, Z: 0, V: 0, C: 0
  DEBUG    root:machine.py:50 128) OUT .01 - AC: 00 | BR: 00 | DP: 25 | DR: 65 | INL: 65 | INR: 00 | IOR: 65 | OUT: 65 | R0: 25 | N: 0, Z: 0, V: 0, C: 0
  DEBUG    root:machine.py:50 129) INC R02 - AC: 00 | BR: 00 | DP: 25 | DR: 65 | INL: 65 | INR: 00 | IOR: 65 | OUT: 65 | R0: 25 | N: 0, Z: 0, V: 0, C: 0
  DEBUG    root:machine.py:50 130) JMP .1c - AC: 00 | BR: 00 | DP: 25 | DR: 65 | INL: 25 | INR: 00 | IOR: 65 | OUT: 26 | R0: 26 | N: 0, Z: 0, V: 0, C: 0
  DEBUG    root:machine.py:50 131) LD R03, R02 - AC: 00 | BR: 00 | DP: 25 | DR: 65 | INL: 25 | INR: 00 | IOR: 65 | OUT: 26 | R0: 26 | N: 0, Z: 0, V: 0, C: 0
  DEBUG    root:machine.py:50 132) CMP R03, .00 - AC: 00 | BR: 00 | DP: 26 | DR: 6C | INL: 25 | INR: 00 | IOR: 6C | OUT: 26 | R0: 26 | N: 0, Z: 0, V: 0, C: 0
  DEBUG    root:machine.py:50 133) JE .30 - AC: 00 | BR: 00 | DP: 26 | DR: 6C | INL: 6C | INR: 00 | IOR: 6C | OUT: 6C | R0: 26 | N: 0, Z: 0, V: 0, C: 0
  DEBUG    root:machine.py:50 134) OUT .01 - AC: 00 | BR: 00 | DP: 26 | DR: 6C | INL: 6C | INR: 00 | IOR: 6C | OUT: 6C | R0: 26 | N: 0, Z: 0, V: 0, C: 0
  DEBUG    root:machine.py:50 135) INC R02 - AC: 00 | BR: 00 | DP: 26 | DR: 6C | INL: 6C | INR: 00 | IOR: 6C | OUT: 6C | R0: 26 | N: 0, Z: 0, V: 0, C: 0
  DEBUG    root:machine.py:50 136) JMP .1c - AC: 00 | BR: 00 | DP: 26 | DR: 6C | INL: 26 | INR: 00 | IOR: 6C | OUT: 27 | R0: 27 | N: 0, Z: 0, V: 0, C: 0
  DEBUG    root:machine.py:50 137) LD R03, R02 - AC: 00 | BR: 00 | DP: 26 | DR: 6C | INL: 26 | INR: 00 | IOR: 6C | OUT: 27 | R0: 27 | N: 0, Z: 0, V: 0, C: 0
  DEBUG    root:machine.py:50 138) CMP R03, .00 - AC: 00 | BR: 00 | DP: 27 | DR: 6C | INL: 26 | INR: 00 | IOR: 6C | OUT: 27 | R0: 27 | N: 0, Z: 0, V: 0, C: 0
  DEBUG    root:machine.py:50 139) JE .30 - AC: 00 | BR: 00 | DP: 27 | DR: 6C | INL: 6C | INR: 00 | IOR: 6C | OUT: 6C | R0: 27 | N: 0, Z: 0, V: 0, C: 0
  DEBUG    root:machine.py:50 140) OUT .01 - AC: 00 | BR: 00 | DP: 27 | DR: 6C | INL: 6C | INR: 00 | IOR: 6C | OUT: 6C | R0: 27 | N: 0, Z: 0, V: 0, C: 0
  DEBUG    root:machine.py:50 141) INC R02 - AC: 00 | BR: 00 | DP: 27 | DR: 6C | INL: 6C | INR: 00 | IOR: 6C | OUT: 6C | R0: 27 | N: 0, Z: 0, V: 0, C: 0
  DEBUG    root:machine.py:50 142) JMP .1c - AC: 00 | BR: 00 | DP: 27 | DR: 6C | INL: 27 | INR: 00 | IOR: 6C | OUT: 28 | R0: 28 | N: 0, Z: 0, V: 0, C: 0
  DEBUG    root:machine.py:50 143) LD R03, R02 - AC: 00 | BR: 00 | DP: 27 | DR: 6C | INL: 27 | INR: 00 | IOR: 6C | OUT: 28 | R0: 28 | N: 0, Z: 0, V: 0, C: 0
  DEBUG    root:machine.py:50 144) CMP R03, .00 - AC: 00 | BR: 00 | DP: 28 | DR: 6F | INL: 27 | INR: 00 | IOR: 6F | OUT: 28 | R0: 28 | N: 0, Z: 0, V: 0, C: 0
  DEBUG    root:machine.py:50 145) JE .30 - AC: 00 | BR: 00 | DP: 28 | DR: 6F | INL: 6F | INR: 00 | IOR: 6F | OUT: 6F | R0: 28 | N: 0, Z: 0, V: 0, C: 0
  DEBUG    root:machine.py:50 146) OUT .01 - AC: 00 | BR: 00 | DP: 28 | DR: 6F | INL: 6F | INR: 00 | IOR: 6F | OUT: 6F | R0: 28 | N: 0, Z: 0, V: 0, C: 0
  DEBUG    root:machine.py:50 147) INC R02 - AC: 00 | BR: 00 | DP: 28 | DR: 6F | INL: 6F | INR: 00 | IOR: 6F | OUT: 6F | R0: 28 | N: 0, Z: 0, V: 0, C: 0
  DEBUG    root:machine.py:50 148) JMP .1c - AC: 00 | BR: 00 | DP: 28 | DR: 6F | INL: 28 | INR: 00 | IOR: 6F | OUT: 29 | R0: 29 | N: 0, Z: 0, V: 0, C: 0
  DEBUG    root:machine.py:50 149) LD R03, R02 - AC: 00 | BR: 00 | DP: 28 | DR: 6F | INL: 28 | INR: 00 | IOR: 6F | OUT: 29 | R0: 29 | N: 0, Z: 0, V: 0, C: 0
  DEBUG    root:machine.py:50 150) CMP R03, .00 - AC: 00 | BR: 00 | DP: 29 | DR: 2C | INL: 28 | INR: 00 | IOR: 2C | OUT: 29 | R0: 29 | N: 0, Z: 0, V: 0, C: 0
  DEBUG    root:machine.py:50 151) JE .30 - AC: 00 | BR: 00 | DP: 29 | DR: 2C | INL: 2C | INR: 00 | IOR: 2C | OUT: 2C | R0: 29 | N: 0, Z: 0, V: 0, C: 0
  DEBUG    root:machine.py:50 152) OUT .01 - AC: 00 | BR: 00 | DP: 29 | DR: 2C | INL: 2C | INR: 00 | IOR: 2C | OUT: 2C | R0: 29 | N: 0, Z: 0, V: 0, C: 0
  DEBUG    root:machine.py:50 153) INC R02 - AC: 00 | BR: 00 | DP: 29 | DR: 2C | INL: 2C | INR: 00 | IOR: 2C | OUT: 2C | R0: 29 | N: 0, Z: 0, V: 0, C: 0
  DEBUG    root:machine.py:50 154) JMP .1c - AC: 00 | BR: 00 | DP: 29 | DR: 2C | INL: 29 | INR: 00 | IOR: 2C | OUT: 2A | R0: 2A | N: 0, Z: 0, V: 0, C: 0
  DEBUG    root:machine.py:50 155) LD R03, R02 - AC: 00 | BR: 00 | DP: 29 | DR: 2C | INL: 29 | INR: 00 | IOR: 2C | OUT: 2A | R0: 2A | N: 0, Z: 0, V: 0, C: 0
  DEBUG    root:machine.py:50 156) CMP R03, .00 - AC: 00 | BR: 00 | DP: 2A | DR: 20 | INL: 29 | INR: 00 | IOR: 20 | OUT: 2A | R0: 2A | N: 0, Z: 0, V: 0, C: 0
  DEBUG    root:machine.py:50 157) JE .30 - AC: 00 | BR: 00 | DP: 2A | DR: 20 | INL: 20 | INR: 00 | IOR: 20 | OUT: 20 | R0: 2A | N: 0, Z: 0, V: 0, C: 0
  DEBUG    root:machine.py:50 158) OUT .01 - AC: 00 | BR: 00 | DP: 2A | DR: 20 | INL: 20 | INR: 00 | IOR: 20 | OUT: 20 | R0: 2A | N: 0, Z: 0, V: 0, C: 0
  DEBUG    root:machine.py:50 159) INC R02 - AC: 00 | BR: 00 | DP: 2A | DR: 20 | INL: 20 | INR: 00 | IOR: 20 | OUT: 20 | R0: 2A | N: 0, Z: 0, V: 0, C: 0
  DEBUG    root:machine.py:50 160) JMP .1c - AC: 00 | BR: 00 | DP: 2A | DR: 20 | INL: 2A | INR: 00 | IOR: 20 | OUT: 2B | R0: 2B | N: 0, Z: 0, V: 0, C: 0
  DEBUG    root:machine.py:50 161) LD R03, R02 - AC: 00 | BR: 00 | DP: 2A | DR: 20 | INL: 2A | INR: 00 | IOR: 20 | OUT: 2B | R0: 2B | N: 0, Z: 0, V: 0, C: 0
  DEBUG    root:machine.py:50 162) CMP R03, .00 - AC: 00 | BR: 00 | DP: 2B | DR: 00 | INL: 2A | INR: 00 | IOR: 00 | OUT: 2B | R0: 2B | N: 0, Z: 0, V: 0, C: 0
  DEBUG    root:machine.py:50 163) JE .30 - AC: 00 | BR: 00 | DP: 2B | DR: 00 | INL: 00 | INR: 00 | IOR: 00 | OUT: 00 | R0: 2B | N: 0, Z: 1, V: 0, C: 0
  DEBUG    root:machine.py:50 164) MOV $00, $04 - AC: 00 | BR: 00 | DP: 2B | DR: 00 | INL: 00 | INR: 00 | IOR: 00 | OUT: 00 | R0: 2B | N: 0, Z: 1, V: 0, C: 0
  DEBUG    root:machine.py:50 165) MOV $08, $0c - AC: 30 | BR: 00 | DP: 00 | DR: 30 | INL: 00 | INR: 00 | IOR: 00 | OUT: 00 | R0: 2B | N: 0, Z: 1, V: 0, C: 0
  DEBUG    root:machine.py:50 166) IN .00 - AC: 00 | BR: 08 | DP: 08 | DR: 00 | INL: 00 | INR: 00 | IOR: 00 | OUT: 00 | R0: 2B | N: 0, Z: 1, V: 0, C: 0
  DEBUG    root:machine.py:50 167) MOV R02, .00 - AC: 00 | BR: 08 | DP: 08 | DR: 00 | INL: 00 | INR: 00 | IOR: 53 | OUT: 00 | R0: 2B | N: 0, Z: 1, V: 0, C: 0
  DEBUG    root:machine.py:50 168) ST R02, R03 - AC: 00 | BR: 08 | DP: 08 | DR: 00 | INL: 00 | INR: 00 | IOR: 53 | OUT: 00 | R0: 00 | N: 0, Z: 1, V: 0, C: 0
  DEBUG    root:machine.py:50 169) CMP $00, $08 - AC: 00 | BR: 08 | DP: 00 | DR: 53 | INL: 00 | INR: 00 | IOR: 53 | OUT: 00 | R0: 00 | N: 0, Z: 1, V: 0, C: 0
  DEBUG    root:machine.py:50 170) JNE .4d - AC: 00 | BR: 08 | DP: 08 | DR: 00 | INL: 53 | INR: 00 | IOR: 53 | OUT: 53 | R0: 00 | N: 0, Z: 0, V: 0, C: 0
  DEBUG    root:machine.py:50 171) MOV R03, $00 - AC: 00 | BR: 08 | DP: 08 | DR: 00 | INL: 53 | INR: 00 | IOR: 53 | OUT: 53 | R0: 00 | N: 0, Z: 0, V: 0, C: 0
  DEBUG    root:machine.py:50 172) OUT .01 - AC: 53 | BR: 08 | DP: 00 | DR: 53 | INL: 53 | INR: 00 | IOR: 53 | OUT: 53 | R0: 00 | N: 0, Z: 0, V: 0, C: 0
  DEBUG    root:machine.py:50 173) IN .00 - AC: 53 | BR: 08 | DP: 00 | DR: 53 | INL: 53 | INR: 00 | IOR: 53 | OUT: 53 | R0: 00 | N: 0, Z: 0, V: 0, C: 0
  DEBUG    root:machine.py:50 174) MOV R02, .00 - AC: 53 | BR: 08 | DP: 00 | DR: 53 | INL: 53 | INR: 00 | IOR: 74 | OUT: 53 | R0: 00 | N: 0, Z: 0, V: 0, C: 0
  DEBUG    root:machine.py:50 175) ST R02, R03 - AC: 00 | BR: 08 | DP: 00 | DR: 53 | INL: 53 | INR: 00 | IOR: 74 | OUT: 53 | R0: 00 | N: 0, Z: 0, V: 0, C: 0
  DEBUG    root:machine.py:50 176) JMP .43 - AC: 00 | BR: 08 | DP: 00 | DR: 74 | INL: 53 | INR: 00 | IOR: 74 | OUT: 53 | R0: 00 | N: 0, Z: 0, V: 0, C: 0
  DEBUG    root:machine.py:50 177) CMP $00, $08 - AC: 00 | BR: 08 | DP: 00 | DR: 74 | INL: 53 | INR: 00 | IOR: 74 | OUT: 53 | R0: 00 | N: 0, Z: 0, V: 0, C: 0
  DEBUG    root:machine.py:50 178) JNE .4d - AC: 00 | BR: 08 | DP: 08 | DR: 00 | INL: 74 | INR: 00 | IOR: 74 | OUT: 74 | R0: 00 | N: 0, Z: 0, V: 0, C: 0
  DEBUG    root:machine.py:50 179) MOV R03, $00 - AC: 00 | BR: 08 | DP: 08 | DR: 00 | INL: 74 | INR: 00 | IOR: 74 | OUT: 74 | R0: 00 | N: 0, Z: 0, V: 0, C: 0
  DEBUG    root:machine.py:50 180) OUT .01 - AC: 74 | BR: 08 | DP: 00 | DR: 74 | INL: 74 | INR: 00 | IOR: 74 | OUT: 74 | R0: 00 | N: 0, Z: 0, V: 0, C: 0
  DEBUG    root:machine.py:50 181) IN .00 - AC: 74 | BR: 08 | DP: 00 | DR: 74 | INL: 74 | INR: 00 | IOR: 74 | OUT: 74 | R0: 00 | N: 0, Z: 0, V: 0, C: 0
  DEBUG    root:machine.py:50 182) MOV R02, .00 - AC: 74 | BR: 08 | DP: 00 | DR: 74 | INL: 74 | INR: 00 | IOR: 65 | OUT: 74 | R0: 00 | N: 0, Z: 0, V: 0, C: 0
  DEBUG    root:machine.py:50 183) ST R02, R03 - AC: 00 | BR: 08 | DP: 00 | DR: 74 | INL: 74 | INR: 00 | IOR: 65 | OUT: 74 | R0: 00 | N: 0, Z: 0, V: 0, C: 0
  DEBUG    root:machine.py:50 184) JMP .43 - AC: 00 | BR: 08 | DP: 00 | DR: 65 | INL: 74 | INR: 00 | IOR: 65 | OUT: 74 | R0: 00 | N: 0, Z: 0, V: 0, C: 0
  DEBUG    root:machine.py:50 185) CMP $00, $08 - AC: 00 | BR: 08 | DP: 00 | DR: 65 | INL: 74 | INR: 00 | IOR: 65 | OUT: 74 | R0: 00 | N: 0, Z: 0, V: 0, C: 0
  DEBUG    root:machine.py:50 186) JNE .4d - AC: 00 | BR: 08 | DP: 08 | DR: 00 | INL: 65 | INR: 00 | IOR: 65 | OUT: 65 | R0: 00 | N: 0, Z: 0, V: 0, C: 0
  DEBUG    root:machine.py:50 187) MOV R03, $00 - AC: 00 | BR: 08 | DP: 08 | DR: 00 | INL: 65 | INR: 00 | IOR: 65 | OUT: 65 | R0: 00 | N: 0, Z: 0, V: 0, C: 0
  DEBUG    root:machine.py:50 188) OUT .01 - AC: 65 | BR: 08 | DP: 00 | DR: 65 | INL: 65 | INR: 00 | IOR: 65 | OUT: 65 | R0: 00 | N: 0, Z: 0, V: 0, C: 0
  DEBUG    root:machine.py:50 189) IN .00 - AC: 65 | BR: 08 | DP: 00 | DR: 65 | INL: 65 | INR: 00 | IOR: 65 | OUT: 65 | R0: 00 | N: 0, Z: 0, V: 0, C: 0
  DEBUG    root:machine.py:50 190) MOV R02, .00 - AC: 65 | BR: 08 | DP: 00 | DR: 65 | INL: 65 | INR: 00 | IOR: 70 | OUT: 65 | R0: 00 | N: 0, Z: 0, V: 0, C: 0
  DEBUG    root:machine.py:50 191) ST R02, R03 - AC: 00 | BR: 08 | DP: 00 | DR: 65 | INL: 65 | INR: 00 | IOR: 70 | OUT: 65 | R0: 00 | N: 0, Z: 0, V: 0, C: 0
  DEBUG    root:machine.py:50 192) JMP .43 - AC: 00 | BR: 08 | DP: 00 | DR: 70 | INL: 65 | INR: 00 | IOR: 70 | OUT: 65 | R0: 00 | N: 0, Z: 0, V: 0, C: 0
  DEBUG    root:machine.py:50 193) CMP $00, $08 - AC: 00 | BR: 08 | DP: 00 | DR: 70 | INL: 65 | INR: 00 | IOR: 70 | OUT: 65 | R0: 00 | N: 0, Z: 0, V: 0, C: 0
  DEBUG    root:machine.py:50 194) JNE .4d - AC: 00 | BR: 08 | DP: 08 | DR: 00 | INL: 70 | INR: 00 | IOR: 70 | OUT: 70 | R0: 00 | N: 0, Z: 0, V: 0, C: 0
  DEBUG    root:machine.py:50 195) MOV R03, $00 - AC: 00 | BR: 08 | DP: 08 | DR: 00 | INL: 70 | INR: 00 | IOR: 70 | OUT: 70 | R0: 00 | N: 0, Z: 0, V: 0, C: 0
  DEBUG    root:machine.py:50 196) OUT .01 - AC: 70 | BR: 08 | DP: 00 | DR: 70 | INL: 70 | INR: 00 | IOR: 70 | OUT: 70 | R0: 00 | N: 0, Z: 0, V: 0, C: 0
  DEBUG    root:machine.py:50 197) IN .00 - AC: 70 | BR: 08 | DP: 00 | DR: 70 | INL: 70 | INR: 00 | IOR: 70 | OUT: 70 | R0: 00 | N: 0, Z: 0, V: 0, C: 0
  DEBUG    root:machine.py:50 198) MOV R02, .00 - AC: 70 | BR: 08 | DP: 00 | DR: 70 | INL: 70 | INR: 00 | IOR: 61 | OUT: 70 | R0: 00 | N: 0, Z: 0, V: 0, C: 0
  DEBUG    root:machine.py:50 199) ST R02, R03 - AC: 00 | BR: 08 | DP: 00 | DR: 70 | INL: 70 | INR: 00 | IOR: 61 | OUT: 70 | R0: 00 | N: 0, Z: 0, V: 0, C: 0
  DEBUG    root:machine.py:50 200) JMP .43 - AC: 00 | BR: 08 | DP: 00 | DR: 61 | INL: 70 | INR: 00 | IOR: 61 | OUT: 70 | R0: 00 | N: 0, Z: 0, V: 0, C: 0
  DEBUG    root:machine.py:50 201) CMP $00, $08 - AC: 00 | BR: 08 | DP: 00 | DR: 61 | INL: 70 | INR: 00 | IOR: 61 | OUT: 70 | R0: 00 | N: 0, Z: 0, V: 0, C: 0
  DEBUG    root:machine.py:50 202) JNE .4d - AC: 00 | BR: 08 | DP: 08 | DR: 00 | INL: 61 | INR: 00 | IOR: 61 | OUT: 61 | R0: 00 | N: 0, Z: 0, V: 0, C: 0
  DEBUG    root:machine.py:50 203) MOV R03, $00 - AC: 00 | BR: 08 | DP: 08 | DR: 00 | INL: 61 | INR: 00 | IOR: 61 | OUT: 61 | R0: 00 | N: 0, Z: 0, V: 0, C: 0
  DEBUG    root:machine.py:50 204) OUT .01 - AC: 61 | BR: 08 | DP: 00 | DR: 61 | INL: 61 | INR: 00 | IOR: 61 | OUT: 61 | R0: 00 | N: 0, Z: 0, V: 0, C: 0
  DEBUG    root:machine.py:50 205) IN .00 - AC: 61 | BR: 08 | DP: 00 | DR: 61 | INL: 61 | INR: 00 | IOR: 61 | OUT: 61 | R0: 00 | N: 0, Z: 0, V: 0, C: 0
  DEBUG    root:machine.py:50 206) MOV R02, .00 - AC: 61 | BR: 08 | DP: 00 | DR: 61 | INL: 61 | INR: 00 | IOR: 6E | OUT: 61 | R0: 00 | N: 0, Z: 0, V: 0, C: 0
  DEBUG    root:machine.py:50 207) ST R02, R03 - AC: 00 | BR: 08 | DP: 00 | DR: 61 | INL: 61 | INR: 00 | IOR: 6E | OUT: 61 | R0: 00 | N: 0, Z: 0, V: 0, C: 0
  DEBUG    root:machine.py:50 208) JMP .43 - AC: 00 | BR: 08 | DP: 00 | DR: 6E | INL: 61 | INR: 00 | IOR: 6E | OUT: 61 | R0: 00 | N: 0, Z: 0, V: 0, C: 0
  DEBUG    root:machine.py:50 209) CMP $00, $08 - AC: 00 | BR: 08 | DP: 00 | DR: 6E | INL: 61 | INR: 00 | IOR: 6E | OUT: 61 | R0: 00 | N: 0, Z: 0, V: 0, C: 0
  DEBUG    root:machine.py:50 210) JNE .4d - AC: 00 | BR: 08 | DP: 08 | DR: 00 | INL: 6E | INR: 00 | IOR: 6E | OUT: 6E | R0: 00 | N: 0, Z: 0, V: 0, C: 0
  DEBUG    root:machine.py:50 211) MOV R03, $00 - AC: 00 | BR: 08 | DP: 08 | DR: 00 | INL: 6E | INR: 00 | IOR: 6E | OUT: 6E | R0: 00 | N: 0, Z: 0, V: 0, C: 0
  DEBUG    root:machine.py:50 212) OUT .01 - AC: 6E | BR: 08 | DP: 00 | DR: 6E | INL: 6E | INR: 00 | IOR: 6E | OUT: 6E | R0: 00 | N: 0, Z: 0, V: 0, C: 0
  DEBUG    root:machine.py:50 213) IN .00 - AC: 6E | BR: 08 | DP: 00 | DR: 6E | INL: 6E | INR: 00 | IOR: 6E | OUT: 6E | R0: 00 | N: 0, Z: 0, V: 0, C: 0
  DEBUG    root:machine.py:50 214) MOV R02, .00 - AC: 6E | BR: 08 | DP: 00 | DR: 6E | INL: 6E | INR: 00 | IOR: 00 | OUT: 6E | R0: 00 | N: 0, Z: 0, V: 0, C: 0
  DEBUG    root:machine.py:50 215) ST R02, R03 - AC: 00 | BR: 08 | DP: 00 | DR: 6E | INL: 6E | INR: 00 | IOR: 00 | OUT: 6E | R0: 00 | N: 0, Z: 0, V: 0, C: 0
  DEBUG    root:machine.py:50 216) JMP .43 - AC: 00 | BR: 08 | DP: 00 | DR: 00 | INL: 6E | INR: 00 | IOR: 00 | OUT: 6E | R0: 00 | N: 0, Z: 0, V: 0, C: 0
  DEBUG    root:machine.py:50 217) CMP $00, $08 - AC: 00 | BR: 08 | DP: 00 | DR: 00 | INL: 6E | INR: 00 | IOR: 00 | OUT: 6E | R0: 00 | N: 0, Z: 0, V: 0, C: 0
  DEBUG    root:machine.py:50 218) JNE .4d - AC: 00 | BR: 08 | DP: 08 | DR: 00 | INL: 00 | INR: 00 | IOR: 00 | OUT: 00 | R0: 00 | N: 0, Z: 1, V: 0, C: 0
  DEBUG    root:machine.py:50 219) JMP .62 - AC: 00 | BR: 08 | DP: 08 | DR: 00 | INL: 00 | INR: 00 | IOR: 00 | OUT: 00 | R0: 00 | N: 0, Z: 1, V: 0, C: 0
  DEBUG    root:machine.py:50 220) HLT - AC: 00 | BR: 08 | DP: 08 | DR: 00 | INL: 00 | INR: 00 | IOR: 00 | OUT: 00 | R0: 00 | N: 0, Z: 1, V: 0, C: 0
  INFO     root:machine.py:54 Out buffer: What is your name?
  Hello, Stepan