source_code: |-
  {
      print "Hello world!";
  }

stdin: |-
  unused

stdout: |-
  =========================
  Hello world!
  Instructions: 76

out_code_readable: |-
  00 | 0000000000100000111000000000001000000000         | MOV R02, .00
  04 | 0000010000000100111100000000001100000010         | LD R03, R02
  08 | 0000100000010000111000000000001100000000         | CMP R03, .00
  0c | 00001100000100101000000000011000                 | JE .18
  0f | 00001111001000111000000000000001                 | OUT .01
  12 | 00010010000000101100000000000010                 | INC R02
  15 | 00010101000100011000000000000100                 | JMP .04
  18 | 0001100000000001                                 | HLT

out_log: |-
  DEBUG:1) LD R03, R02 - AC: 00 | BR: 00 | DP: 00 | DR: 00 | INL: 00 | INR: 00 | IOR: 00 | OUT: 00 | R0: 00 | N: 0, Z: 0, V: 0, C: 0
  DEBUG:2) CMP R03, .00 - AC: 00 | BR: 00 | DP: 00 | DR: 48 | INL: 00 | INR: 00 | IOR: 48 | OUT: 00 | R0: 00 | N: 0, Z: 0, V: 0, C: 0
  DEBUG:3) JE .18 - AC: 00 | BR: 00 | DP: 00 | DR: 48 | INL: 48 | INR: 00 | IOR: 48 | OUT: 48 | R0: 00 | N: 0, Z: 0, V: 0, C: 0
  DEBUG:4) OUT .01 - AC: 00 | BR: 00 | DP: 00 | DR: 48 | INL: 48 | INR: 00 | IOR: 48 | OUT: 48 | R0: 00 | N: 0, Z: 0, V: 0, C: 0
  DEBUG:5) INC R02 - AC: 00 | BR: 00 | DP: 00 | DR: 48 | INL: 48 | INR: 00 | IOR: 48 | OUT: 48 | R0: 00 | N: 0, Z: 0, V: 0, C: 0
  DEBUG:6) JMP .04 - AC: 00 | BR: 00 | DP: 00 | DR: 48 | INL: 00 | INR: 00 | IOR: 48 | OUT: 01 | R0: 01 | N: 0, Z: 0, V: 0, C: 0
  DEBUG:7) LD R03, R02 - AC: 00 | BR: 00 | DP: 00 | DR: 48 | INL: 00 | INR: 00 | IOR: 48 | OUT: 01 | R0: 01 | N: 0, Z: 0, V: 0, C: 0
  DEBUG:8) CMP R03, .00 - AC: 00 | BR: 00 | DP: 01 | DR: 65 | INL: 00 | INR: 00 | IOR: 65 | OUT: 01 | R0: 01 | N: 0, Z: 0, V: 0, C: 0
  DEBUG:9) JE .18 - AC: 00 | BR: 00 | DP: 01 | DR: 65 | INL: 65 | INR: 00 | IOR: 65 | OUT: 65 | R0: 01 | N: 0, Z: 0, V: 0, C: 0
  DEBUG:10) OUT .01 - AC: 00 | BR: 00 | DP: 01 | DR: 65 | INL: 65 | INR: 00 | IOR: 65 | OUT: 65 | R0: 01 | N: 0, Z: 0, V: 0, C: 0
  DEBUG:11) INC R02 - AC: 00 | BR: 00 | DP: 01 | DR: 65 | INL: 65 | INR: 00 | IOR: 65 | OUT: 65 | R0: 01 | N: 0, Z: 0, V: 0, C: 0
  DEBUG:12) JMP .04 - AC: 00 | BR: 00 | DP: 01 | DR: 65 | INL: 01 | INR: 00 | IOR: 65 | OUT: 02 | R0: 02 | N: 0, Z: 0, V: 0, C: 0
  DEBUG:13) LD R03, R02 - AC: 00 | BR: 00 | DP: 01 | DR: 65 | INL: 01 | INR: 00 | IOR: 65 | OUT: 02 | R0: 02 | N: 0, Z: 0, V: 0, C: 0
  DEBUG:14) CMP R03, .00 - AC: 00 | BR: 00 | DP: 02 | DR: 6C | INL: 01 | INR: 00 | IOR: 6C | OUT: 02 | R0: 02 | N: 0, Z: 0, V: 0, C: 0
  DEBUG:15) JE .18 - AC: 00 | BR: 00 | DP: 02 | DR: 6C | INL: 6C | INR: 00 | IOR: 6C | OUT: 6C | R0: 02 | N: 0, Z: 0, V: 0, C: 0
  DEBUG:16) OUT .01 - AC: 00 | BR: 00 | DP: 02 | DR: 6C | INL: 6C | INR: 00 | IOR: 6C | OUT: 6C | R0: 02 | N: 0, Z: 0, V: 0, C: 0
  DEBUG:17) INC R02 - AC: 00 | BR: 00 | DP: 02 | DR: 6C | INL: 6C | INR: 00 | IOR: 6C | OUT: 6C | R0: 02 | N: 0, Z: 0, V: 0, C: 0
  DEBUG:18) JMP .04 - AC: 00 | BR: 00 | DP: 02 | DR: 6C | INL: 02 | INR: 00 | IOR: 6C | OUT: 03 | R0: 03 | N: 0, Z: 0, V: 0, C: 0
  DEBUG:19) LD R03, R02 - AC: 00 | BR: 00 | DP: 02 | DR: 6C | INL: 02 | INR: 00 | IOR: 6C | OUT: 03 | R0: 03 | N: 0, Z: 0, V: 0, C: 0
  DEBUG:20) CMP R03, .00 - AC: 00 | BR: 00 | DP: 03 | DR: 6C | INL: 02 | INR: 00 | IOR: 6C | OUT: 03 | R0: 03 | N: 0, Z: 0, V: 0, C: 0
  DEBUG:21) JE .18 - AC: 00 | BR: 00 | DP: 03 | DR: 6C | INL: 6C | INR: 00 | IOR: 6C | OUT: 6C | R0: 03 | N: 0, Z: 0, V: 0, C: 0
  DEBUG:22) OUT .01 - AC: 00 | BR: 00 | DP: 03 | DR: 6C | INL: 6C | INR: 00 | IOR: 6C | OUT: 6C | R0: 03 | N: 0, Z: 0, V: 0, C: 0
  DEBUG:23) INC R02 - AC: 00 | BR: 00 | DP: 03 | DR: 6C | INL: 6C | INR: 00 | IOR: 6C | OUT: 6C | R0: 03 | N: 0, Z: 0, V: 0, C: 0
  DEBUG:24) JMP .04 - AC: 00 | BR: 00 | DP: 03 | DR: 6C | INL: 03 | INR: 00 | IOR: 6C | OUT: 04 | R0: 04 | N: 0, Z: 0, V: 0, C: 0
  DEBUG:25) LD R03, R02 - AC: 00 | BR: 00 | DP: 03 | DR: 6C | INL: 03 | INR: 00 | IOR: 6C | OUT: 04 | R0: 04 | N: 0, Z: 0, V: 0, C: 0
  DEBUG:26) CMP R03, .00 - AC: 00 | BR: 00 | DP: 04 | DR: 6F | INL: 03 | INR: 00 | IOR: 6F | OUT: 04 | R0: 04 | N: 0, Z: 0, V: 0, C: 0
  DEBUG:27) JE .18 - AC: 00 | BR: 00 | DP: 04 | DR: 6F | INL: 6F | INR: 00 | IOR: 6F | OUT: 6F | R0: 04 | N: 0, Z: 0, V: 0, C: 0
  DEBUG:28) OUT .01 - AC: 00 | BR: 00 | DP: 04 | DR: 6F | INL: 6F | INR: 00 | IOR: 6F | OUT: 6F | R0: 04 | N: 0, Z: 0, V: 0, C: 0
  DEBUG:29) INC R02 - AC: 00 | BR: 00 | DP: 04 | DR: 6F | INL: 6F | INR: 00 | IOR: 6F | OUT: 6F | R0: 04 | N: 0, Z: 0, V: 0, C: 0
  DEBUG:30) JMP .04 - AC: 00 | BR: 00 | DP: 04 | DR: 6F | INL: 04 | INR: 00 | IOR: 6F | OUT: 05 | R0: 05 | N: 0, Z: 0, V: 0, C: 0
  DEBUG:31) LD R03, R02 - AC: 00 | BR: 00 | DP: 04 | DR: 6F | INL: 04 | INR: 00 | IOR: 6F | OUT: 05 | R0: 05 | N: 0, Z: 0, V: 0, C: 0
  DEBUG:32) CMP R03, .00 - AC: 00 | BR: 00 | DP: 05 | DR: 20 | INL: 04 | INR: 00 | IOR: 20 | OUT: 05 | R0: 05 | N: 0, Z: 0, V: 0, C: 0
  DEBUG:33) JE .18 - AC: 00 | BR: 00 | DP: 05 | DR: 20 | INL: 20 | INR: 00 | IOR: 20 | OUT: 20 | R0: 05 | N: 0, Z: 0, V: 0, C: 0
  DEBUG:34) OUT .01 - AC: 00 | BR: 00 | DP: 05 | DR: 20 | INL: 20 | INR: 00 | IOR: 20 | OUT: 20 | R0: 05 | N: 0, Z: 0, V: 0, C: 0
  DEBUG:35) INC R02 - AC: 00 | BR: 00 | DP: 05 | DR: 20 | INL: 20 | INR: 00 | IOR: 20 | OUT: 20 | R0: 05 | N: 0, Z: 0, V: 0, C: 0
  DEBUG:36) JMP .04 - AC: 00 | BR: 00 | DP: 05 | DR: 20 | INL: 05 | INR: 00 | IOR: 20 | OUT: 06 | R0: 06 | N: 0, Z: 0, V: 0, C: 0
  DEBUG:37) LD R03, R02 - AC: 00 | BR: 00 | DP: 05 | DR: 20 | INL: 05 | INR: 00 | IOR: 20 | OUT: 06 | R0: 06 | N: 0, Z: 0, V: 0, C: 0
  DEBUG:38) CMP R03, .00 - AC: 00 | BR: 00 | DP: 06 | DR: 77 | INL: 05 | INR: 00 | IOR: 77 | OUT: 06 | R0: 06 | N: 0, Z: 0, V: 0, C: 0
  DEBUG:39) JE .18 - AC: 00 | BR: 00 | DP: 06 | DR: 77 | INL: 77 | INR: 00 | IOR: 77 | OUT: 77 | R0: 06 | N: 0, Z: 0, V: 0, C: 0
  DEBUG:40) OUT .01 - AC: 00 | BR: 00 | DP: 06 | DR: 77 | INL: 77 | INR: 00 | IOR: 77 | OUT: 77 | R0: 06 | N: 0, Z: 0, V: 0, C: 0
  DEBUG:41) INC R02 - AC: 00 | BR: 00 | DP: 06 | DR: 77 | INL: 77 | INR: 00 | IOR: 77 | OUT: 77 | R0: 06 | N: 0, Z: 0, V: 0, C: 0
  DEBUG:42) JMP .04 - AC: 00 | BR: 00 | DP: 06 | DR: 77 | INL: 06 | INR: 00 | IOR: 77 | OUT: 07 | R0: 07 | N: 0, Z: 0, V: 0, C: 0
  DEBUG:43) LD R03, R02 - AC: 00 | BR: 00 | DP: 06 | DR: 77 | INL: 06 | INR: 00 | IOR: 77 | OUT: 07 | R0: 07 | N: 0, Z: 0, V: 0, C: 0
  DEBUG:44) CMP R03, .00 - AC: 00 | BR: 00 | DP: 07 | DR: 6F | INL: 06 | INR: 00 | IOR: 6F | OUT: 07 | R0: 07 | N: 0, Z: 0, V: 0, C: 0
  DEBUG:45) JE .18 - AC: 00 | BR: 00 | DP: 07 | DR: 6F | INL: 6F | INR: 00 | IOR: 6F | OUT: 6F | R0: 07 | N: 0, Z: 0, V: 0, C: 0
  DEBUG:46) OUT .01 - AC: 00 | BR: 00 | DP: 07 | DR: 6F | INL: 6F | INR: 00 | IOR: 6F | OUT: 6F | R0: 07 | N: 0, Z: 0, V: 0, C: 0
  DEBUG:47) INC R02 - AC: 00 | BR: 00 | DP: 07 | DR: 6F | INL: 6F | INR: 00 | IOR: 6F | OUT: 6F | R0: 07 | N: 0, Z: 0, V: 0, C: 0
  DEBUG:48) JMP .04 - AC: 00 | BR: 00 | DP: 07 | DR: 6F | INL: 07 | INR: 00 | IOR: 6F | OUT: 08 | R0: 08 | N: 0, Z: 0, V: 0, C: 0
  DEBUG:49) LD R03, R02 - AC: 00 | BR: 00 | DP: 07 | DR: 6F | INL: 07 | INR: 00 | IOR: 6F | OUT: 08 | R0: 08 | N: 0, Z: 0, V: 0, C: 0
  DEBUG:50) CMP R03, .00 - AC: 00 | BR: 00 | DP: 08 | DR: 72 | INL: 07 | INR: 00 | IOR: 72 | OUT: 08 | R0: 08 | N: 0, Z: 0, V: 0, C: 0
  DEBUG:51) JE .18 - AC: 00 | BR: 00 | DP: 08 | DR: 72 | INL: 72 | INR: 00 | IOR: 72 | OUT: 72 | R0: 08 | N: 0, Z: 0, V: 0, C: 0
  DEBUG:52) OUT .01 - AC: 00 | BR: 00 | DP: 08 | DR: 72 | INL: 72 | INR: 00 | IOR: 72 | OUT: 72 | R0: 08 | N: 0, Z: 0, V: 0, C: 0
  DEBUG:53) INC R02 - AC: 00 | BR: 00 | DP: 08 | DR: 72 | INL: 72 | INR: 00 | IOR: 72 | OUT: 72 | R0: 08 | N: 0, Z: 0, V: 0, C: 0
  DEBUG:54) JMP .04 - AC: 00 | BR: 00 | DP: 08 | DR: 72 | INL: 08 | INR: 00 | IOR: 72 | OUT: 09 | R0: 09 | N: 0, Z: 0, V: 0, C: 0
  DEBUG:55) LD R03, R02 - AC: 00 | BR: 00 | DP: 08 | DR: 72 | INL: 08 | INR: 00 | IOR: 72 | OUT: 09 | R0: 09 | N: 0, Z: 0, V: 0, C: 0
  DEBUG:56) CMP R03, .00 - AC: 00 | BR: 00 | DP: 09 | DR: 6C | INL: 08 | INR: 00 | IOR: 6C | OUT: 09 | R0: 09 | N: 0, Z: 0, V: 0, C: 0
  DEBUG:57) JE .18 - AC: 00 | BR: 00 | DP: 09 | DR: 6C | INL: 6C | INR: 00 | IOR: 6C | OUT: 6C | R0: 09 | N: 0, Z: 0, V: 0, C: 0
  DEBUG:58) OUT .01 - AC: 00 | BR: 00 | DP: 09 | DR: 6C | INL: 6C | INR: 00 | IOR: 6C | OUT: 6C | R0: 09 | N: 0, Z: 0, V: 0, C: 0
  DEBUG:59) INC R02 - AC: 00 | BR: 00 | DP: 09 | DR: 6C | INL: 6C | INR: 00 | IOR: 6C | OUT: 6C | R0: 09 | N: 0, Z: 0, V: 0, C: 0
  DEBUG:60) JMP .04 - AC: 00 | BR: 00 | DP: 09 | DR: 6C | INL: 09 | INR: 00 | IOR: 6C | OUT: 0A | R0: 0A | N: 0, Z: 0, V: 0, C: 0
  DEBUG:61) LD R03, R02 - AC: 00 | BR: 00 | DP: 09 | DR: 6C | INL: 09 | INR: 00 | IOR: 6C | OUT: 0A | R0: 0A | N: 0, Z: 0, V: 0, C: 0
  DEBUG:62) CMP R03, .00 - AC: 00 | BR: 00 | DP: 0A | DR: 64 | INL: 09 | INR: 00 | IOR: 64 | OUT: 0A | R0: 0A | N: 0, Z: 0, V: 0, C: 0
  DEBUG:63) JE .18 - AC: 00 | BR: 00 | DP: 0A | DR: 64 | INL: 64 | INR: 00 | IOR: 64 | OUT: 64 | R0: 0A | N: 0, Z: 0, V: 0, C: 0
  DEBUG:64) OUT .01 - AC: 00 | BR: 00 | DP: 0A | DR: 64 | INL: 64 | INR: 00 | IOR: 64 | OUT: 64 | R0: 0A | N: 0, Z: 0, V: 0, C: 0
  DEBUG:65) INC R02 - AC: 00 | BR: 00 | DP: 0A | DR: 64 | INL: 64 | INR: 00 | IOR: 64 | OUT: 64 | R0: 0A | N: 0, Z: 0, V: 0, C: 0
  DEBUG:66) JMP .04 - AC: 00 | BR: 00 | DP: 0A | DR: 64 | INL: 0A | INR: 00 | IOR: 64 | OUT: 0B | R0: 0B | N: 0, Z: 0, V: 0, C: 0
  DEBUG:67) LD R03, R02 - AC: 00 | BR: 00 | DP: 0A | DR: 64 | INL: 0A | INR: 00 | IOR: 64 | OUT: 0B | R0: 0B | N: 0, Z: 0, V: 0, C: 0
  DEBUG:68) CMP R03, .00 - AC: 00 | BR: 00 | DP: 0B | DR: 21 | INL: 0A | INR: 00 | IOR: 21 | OUT: 0B | R0: 0B | N: 0, Z: 0, V: 0, C: 0
  DEBUG:69) JE .18 - AC: 00 | BR: 00 | DP: 0B | DR: 21 | INL: 21 | INR: 00 | IOR: 21 | OUT: 21 | R0: 0B | N: 0, Z: 0, V: 0, C: 0
  DEBUG:70) OUT .01 - AC: 00 | BR: 00 | DP: 0B | DR: 21 | INL: 21 | INR: 00 | IOR: 21 | OUT: 21 | R0: 0B | N: 0, Z: 0, V: 0, C: 0
  DEBUG:71) INC R02 - AC: 00 | BR: 00 | DP: 0B | DR: 21 | INL: 21 | INR: 00 | IOR: 21 | OUT: 21 | R0: 0B | N: 0, Z: 0, V: 0, C: 0
  DEBUG:72) JMP .04 - AC: 00 | BR: 00 | DP: 0B | DR: 21 | INL: 0B | INR: 00 | IOR: 21 | OUT: 0C | R0: 0C | N: 0, Z: 0, V: 0, C: 0
  DEBUG:73) LD R03, R02 - AC: 00 | BR: 00 | DP: 0B | DR: 21 | INL: 0B | INR: 00 | IOR: 21 | OUT: 0C | R0: 0C | N: 0, Z: 0, V: 0, C: 0
  DEBUG:74) CMP R03, .00 - AC: 00 | BR: 00 | DP: 0C | DR: 00 | INL: 0B | INR: 00 | IOR: 00 | OUT: 0C | R0: 0C | N: 0, Z: 0, V: 0, C: 0
  DEBUG:75) JE .18 - AC: 00 | BR: 00 | DP: 0C | DR: 00 | INL: 00 | INR: 00 | IOR: 00 | OUT: 00 | R0: 0C | N: 0, Z: 1, V: 0, C: 0
  DEBUG:76) HLT - AC: 00 | BR: 00 | DP: 0C | DR: 00 | INL: 00 | INR: 00 | IOR: 00 | OUT: 00 | R0: 0C | N: 0, Z: 1, V: 0, C: 0
  INFO:Out buffer: Hello world!
